
/home/runner/work/exp-michelson-interferometer-iitb/exp-michelson-interferometer-iitb/experiment/simulation/common_libraries/js/ts_components/collapse_step.js
   1:10  warning  'show_step' is defined but never used                 no-unused-vars
   2:5   warning  '$' is not defined                                    no-undef
   3:9   warning  '$' is not defined                                    no-undef
   6:10  warning  'hide_step' is defined but never used                 no-unused-vars
   7:5   warning  '$' is not defined                                    no-undef
   8:9   warning  '$' is not defined                                    no-undef
  11:10  warning  'get_collapse_btn_text' is defined but never used     no-unused-vars
  20:10  warning  'get_collapse_btn_element' is defined but never used  no-unused-vars
  29:10  warning  'hide_all_steps' is defined but never used            no-unused-vars
  31:9   warning  '$' is not defined                                    no-undef

/home/runner/work/exp-michelson-interferometer-iitb/exp-michelson-interferometer-iitb/experiment/simulation/common_libraries/js/ts_components/matrix.js
   27:26  warning  'MathJax' is not defined                                no-undef
   32:7   warning  'Matrix_Without_String' is defined but never used       no-unused-vars
   52:26  warning  'MathJax' is not defined                                no-undef
   56:10  warning  'get_matrix_html' is defined but never used             no-unused-vars
   87:13  warning  'row_html' is assigned a value but never used           no-unused-vars
   99:10  warning  'get_matrix_html_with_title' is defined but never used  no-unused-vars
  131:13  warning  'row_html' is assigned a value but never used           no-unused-vars
  143:10  warning  'convert_2d_to_1d_vector' is defined but never used     no-unused-vars
  156:10  warning  'convert_1d_to_2d_matrix' is defined but never used     no-unused-vars

/home/runner/work/exp-michelson-interferometer-iitb/exp-michelson-interferometer-iitb/experiment/simulation/common_libraries/js/ts_components/pannel.js
  8:7  warning  'Pannel' is defined but never used  no-unused-vars

/home/runner/work/exp-michelson-interferometer-iitb/exp-michelson-interferometer-iitb/experiment/simulation/common_libraries/js/ts_components/questions.js
   6:17  warning  'op1' is assigned a value but never used      no-unused-vars
   7:17  warning  'op2' is assigned a value but never used      no-unused-vars
   8:17  warning  'op3' is assigned a value but never used      no-unused-vars
   9:17  warning  'op4' is assigned a value but never used      no-unused-vars
  94:7   warning  'Question_Options' is defined but never used  no-unused-vars

/home/runner/work/exp-michelson-interferometer-iitb/exp-michelson-interferometer-iitb/experiment/simulation/common_libraries/js/ts_components/tables.js
   19:22  warning  'verify_values' is not defined                                     no-undef
  137:22  warning  'verify_values' is not defined                                     no-undef
  260:7   warning  'Verify_Rows_Cols_6_decimal_places' is defined but never used      no-unused-vars
  311:22  warning  'verify_values' is not defined                                     no-undef
  416:7   warning  'Verify_Rows_Cols_Custom_Fixed_Update1' is defined but never used  no-unused-vars
  468:7   warning  'Show_Table_Custom_Fixed' is defined but never used                no-unused-vars
  506:7   warning  'Verify_Rows_Cols_Strings' is defined but never used               no-unused-vars
  527:22  warning  'verify_values' is not defined                                     no-undef
  663:7   warning  'Display_Table' is defined but never used                          no-unused-vars

/home/runner/work/exp-michelson-interferometer-iitb/exp-michelson-interferometer-iitb/experiment/simulation/common_libraries/js/ts_math_library/general_math_functions.js
    1:10  warning  'verify_values' is defined but never used                   no-unused-vars
   17:10  warning  'random1' is defined but never used                         no-unused-vars
   21:10  warning  'std_deviation' is defined but never used                   no-unused-vars
   26:10  warning  'gauss' is defined but never used                           no-unused-vars
   56:10  warning  'hide_panel' is defined but never used                      no-unused-vars
   63:10  warning  'inverse_matrix' is defined but never used                  no-unused-vars
   96:10  warning  'matrix_multiplication' is defined but never used           no-unused-vars
  113:10  warning  'transpose_matrix' is defined but never used                no-unused-vars
  123:10  warning  'matrix_multiplication_8decimal' is defined but never used  no-unused-vars
  140:10  warning  'adjoint_2x2_matrix' is defined but never used              no-unused-vars
  145:10  warning  'find_deteminant' is defined but never used                 no-unused-vars
  174:10  warning  'get_Submatrix' is defined but never used                   no-unused-vars

/home/runner/work/exp-michelson-interferometer-iitb/exp-michelson-interferometer-iitb/experiment/simulation/common_libraries/js/ts_math_library/regression.js
   1:10  warning  'regression_linear' is defined but never used            no-unused-vars
  18:10  warning  'regression_linear_1variable' is defined but never used  no-unused-vars
  27:10  warning  'regression_linear_2variable' is defined but never used  no-unused-vars
  52:11  warning  'gauss' is not defined                                   no-undef

/home/runner/work/exp-michelson-interferometer-iitb/exp-michelson-interferometer-iitb/experiment/simulation/common_libraries/math.ob.js
  1:745  warning  'b' is already defined  no-redeclare

/home/runner/work/exp-michelson-interferometer-iitb/exp-michelson-interferometer-iitb/experiment/simulation/js/activity1.js
    8:14   warning  'Pannel' is not defined                                no-undef
   14:10   warning  'start_act1' is defined but never used                 no-unused-vars
   21:10   warning  'move_to_activity3' is defined but never used          no-unused-vars
   24:5    warning  'activity2' is not defined                             no-undef
   33:5    warning  'global_score' is assigned a value but never used      no-unused-vars
   34:5    warning  'a1_panel' is defined but never used                   no-unused-vars
   35:5    warning  'all_text_content' is assigned a value but never used  no-unused-vars
   36:5    warning  'canvas_box_scale' is already defined                  no-redeclare
   36:5    warning  'canvas_box_scale' is assigned a value but never used  no-unused-vars
   39:5    warning  'a1_scene' is defined but never used                   no-unused-vars
   46:5    warning  'display_score' is defined but never used              no-unused-vars
   47:5    warning  'timer1' is assigned a value but never used            no-unused-vars
   62:17   warning  'Scene' is not defined                                 no-undef
   67:27   warning  'bootstrap' is not defined                             no-undef
  103:18   warning  'Chemistry' is not defined                             no-undef
  103:42   warning  'mirror' is not defined                                no-undef
  103:54   warning  'Chemistry' is not defined                             no-undef
  106:9    warning  'sq' is already defined                                no-redeclare
  106:18   warning  'Chemistry' is not defined                             no-undef
  106:42   warning  'laser' is not defined                                 no-undef
  106:53   warning  'Chemistry' is not defined                             no-undef
  109:9    warning  'sq' is already defined                                no-redeclare
  109:18   warning  'Chemistry' is not defined                             no-undef
  109:42   warning  'scale' is not defined                                 no-undef
  109:53   warning  'Chemistry' is not defined                             no-undef
  158:25   warning  'Chemistry' is not defined                             no-undef
  158:50   warning  'Chemistry' is not defined                             no-undef
  169:10   warning  'mirror' is not defined                                no-undef
  169:18   warning  'mirror' is not defined                                no-undef
  170:10   warning  'laser' is not defined                                 no-undef
  170:17   warning  'laser' is not defined                                 no-undef
  171:10   warning  'scale' is not defined                                 no-undef
  171:17   warning  'scale' is not defined                                 no-undef
  174:13   warning  'Chemistry' is not defined                             no-undef
  174:46   warning  'Chemistry' is not defined                             no-undef
  175:13   warning  'Chemistry' is not defined                             no-undef
  175:45   warning  'Chemistry' is not defined                             no-undef
  176:13   warning  'Chemistry' is not defined                             no-undef
  176:45   warning  'Chemistry' is not defined                             no-undef
  185:12   warning  Unexpected constant condition                          no-constant-condition
  207:49   warning  'Chemistry' is not defined                             no-undef
  210:39   warning  'bootstrap' is not defined                             no-undef
  242:30   warning  'Chemistry' is not defined                             no-undef
  242:73   warning  'Chemistry' is not defined                             no-undef
  270:13   warning  'bsOffcanvas' is already defined                       no-redeclare
  270:31   warning  'bootstrap' is not defined                             no-undef
  272:30   warning  'Chemistry' is not defined                             no-undef
  272:118  warning  'Chemistry' is not defined                             no-undef
  315:24   warning  'activity3' is not defined                             no-undef

/home/runner/work/exp-michelson-interferometer-iitb/exp-michelson-interferometer-iitb/experiment/simulation/js/activity2.js
    1:5    warning  'n_rings' is defined but never used                 no-unused-vars
   69:10   warning  'activity2' is defined but never used               no-unused-vars
   70:5    warning  'pp' is not defined                                 no-undef
   71:5    warning  'pp' is not defined                                 no-undef
   72:5    warning  'pp' is not defined                                 no-undef
   73:5    warning  'pp' is not defined                                 no-undef
   74:5    warning  'user_readings' is not defined                      no-undef
   84:5    warning  'pp' is not defined                                 no-undef
   85:5    warning  'pp' is not defined                                 no-undef
   90:5    warning  'pp' is not defined                                 no-undef
   95:5    warning  'pp' is not defined                                 no-undef
   96:5    warning  'pp' is not defined                                 no-undef
   97:5    warning  'pp' is not defined                                 no-undef
  110:18   warning  'Scene_Canvas' is not defined                       no-undef
  117:9    warning  'MathJax' is not defined                            no-undef
  172:5    warning  'lscale' is not defined                             no-undef
  192:36   warning  'Chemistry' is not defined                          no-undef
  192:60   warning  'micrometer_setup' is not defined                   no-undef
  192:82   warning  'Chemistry' is not defined                          no-undef
  216:31   warning  'Chemistry' is not defined                          no-undef
  216:55   warning  'dark' is not defined                               no-undef
  216:65   warning  'Chemistry' is not defined                          no-undef
  221:25   warning  'data' is not defined                               no-undef
  222:16   warning  'data' is not defined                               no-undef
  225:23   warning  'Chemistry' is not defined                          no-undef
  225:51   warning  'selected_ring_color' is not defined                no-undef
  225:76   warning  'Chemistry' is not defined                          no-undef
  225:116  warning  'lscale' is not defined                             no-undef
  225:154  warning  'lscale' is not defined                             no-undef
  227:26   warning  'Chemistry' is not defined                          no-undef
  227:50   warning  'mscope' is not defined                             no-undef
  227:62   warning  'Chemistry' is not defined                          no-undef
  227:102  warning  'lscale' is not defined                             no-undef
  227:136  warning  'lscale' is not defined                             no-undef
  228:22   warning  'Chemistry' is not defined                          no-undef
  228:67   warning  'lscale' is not defined                             no-undef
  228:106  warning  'lscale' is not defined                             no-undef
  229:22   warning  'Chemistry' is not defined                          no-undef
  229:61   warning  'lscale' is not defined                             no-undef
  229:103  warning  'lscale' is not defined                             no-undef
  234:5    warning  'all_left_readings' is not defined                  no-undef
  235:17   warning  'all_left_readings' is not defined                  no-undef
  236:5    warning  'all_right_readings' is not defined                 no-undef
  237:17   warning  'all_right_readings' is not defined                 no-undef
  239:10   warning  'move_right' is defined but never used              no-unused-vars
  244:10   warning  'move_left' is defined but never used               no-unused-vars
  249:10   warning  'move_fine_right' is defined but never used         no-unused-vars
  254:10   warning  'move_fine_left' is defined but never used          no-unused-vars
  259:10   warning  'move_up' is defined but never used                 no-unused-vars
  267:9    warning  'current_micrometer_reading' is not defined         no-undef
  267:49   warning  'inferometer_readings' is not defined               no-undef
  268:9    warning  'current_num_of_rings' is not defined               no-undef
  269:9    warning  'current_lambda' is not defined                     no-undef
  269:37   warning  'inferometer_readings' is not defined               no-undef
  277:10   warning  'move_down' is defined but never used               no-unused-vars
  285:9    warning  'current_micrometer_reading' is not defined         no-undef
  285:49   warning  'inferometer_readings' is not defined               no-undef
  286:9    warning  'current_num_of_rings' is not defined               no-undef
  287:9    warning  'current_lambda' is not defined                     no-undef
  287:37   warning  'inferometer_readings' is not defined               no-undef
  306:22   warning  'current_micrometer_reading' is not defined         no-undef
  307:22   warning  'current_num_of_rings' is not defined               no-undef
  308:24   warning  'current_lambda' is not defined                     no-undef
  309:50   warning  'current_num_of_rings' is not defined               no-undef
  310:50   warning  'current_micrometer_reading' is not defined         no-undef
  320:25   warning  'current_lambda' is not defined                     no-undef
  346:5    warning  'tab_data' is not defined                           no-undef
  347:19   warning  'Verify_Rows_Cols_Custom_Fixed' is not defined      no-undef
  347:58   warning  'tab_data' is not defined                           no-undef
  351:5    warning  'tab_data' is not defined                           no-undef
  353:10   warning  'load_reading_table' is defined but never used      no-unused-vars
  363:16   warning  'user_readings' is not defined                      no-undef
  364:15   warning  'Table' is not defined                              no-undef
  366:5    warning  'pp' is not defined                                 no-undef
  369:10   warning  'add_readings' is defined but never used            no-unused-vars
  374:25   warning  'tab_data' is not defined                           no-undef
  375:13   warning  'tab_data' is not defined                           no-undef
  381:9    warning  'tab_data' is not defined                           no-undef
  382:9    warning  'tab_data' is not defined                           no-undef
  383:9    warning  'tab_data' is not defined                           no-undef
  384:9    warning  'tab_data' is not defined                           no-undef
  385:9    warning  'tab_data' is not defined                           no-undef
  394:23   warning  'Verify_Rows_Cols_Custom_Fixed' is not defined      no-undef
  394:62   warning  'tab_data' is not defined                           no-undef
  405:9    warning  'pp' is not defined                                 no-undef
  415:10   warning  'complete_reading_table' is defined but never used  no-unused-vars
  418:13   warning  'user_readings' is not defined                      no-undef
  418:39   warning  'all_left_readings' is not defined                  no-undef
  419:13   warning  'user_readings' is not defined                      no-undef
  419:39   warning  'all_left_readings' is not defined                  no-undef
  420:13   warning  'user_readings' is not defined                      no-undef
  420:39   warning  'all_right_readings' is not defined                 no-undef
  421:13   warning  'user_readings' is not defined                      no-undef
  421:39   warning  'all_right_readings' is not defined                 no-undef
  422:13   warning  'user_readings' is not defined                      no-undef
  422:41   warning  'all_left_readings' is not defined                  no-undef
  423:17   warning  'all_left_readings' is not defined                  no-undef
  424:18   warning  'all_left_readings' is not defined                  no-undef
  425:21   warning  'all_left_readings' is not defined                  no-undef
  431:10   warning  'delete_readings' is defined but never used         no-unused-vars
  434:13   warning  'user_readings' is not defined                      no-undef
  435:13   warning  'user_readings' is not defined                      no-undef
  443:13   warning  'user_readings' is not defined                      no-undef
  444:13   warning  'user_readings' is not defined                      no-undef
  445:13   warning  'user_readings' is not defined                      no-undef
  451:13   warning  'user_readings' is not defined                      no-undef
  452:13   warning  'user_readings' is not defined                      no-undef
  453:13   warning  'user_readings' is not defined                      no-undef
  460:13   warning  'user_readings' is not defined                      no-undef
  461:13   warning  'user_readings' is not defined                      no-undef
  473:27   warning  'bootstrap' is not defined                          no-undef
  477:27   warning  'bootstrap' is not defined                          no-undef
  480:10   warning  'move_to_act4' is defined but never used            no-unused-vars
  491:5    warning  'activity3' is not defined                          no-undef
  493:10   warning  'fill_test_val' is defined but never used           no-unused-vars
  495:9    warning  'user_readings' is not defined                      no-undef
  496:9    warning  'user_readings' is not defined                      no-undef
  497:9    warning  'user_readings' is not defined                      no-undef
  498:9    warning  'user_readings' is not defined                      no-undef
  499:9    warning  'user_readings' is not defined                      no-undef
  504:9    warning  'user_data' is not defined                          no-undef
  505:9    warning  'user_data' is not defined                          no-undef
  505:27   warning  'auto_fill_data' is not defined                     no-undef
  506:9    warning  'user_data' is not defined                          no-undef
  506:27   warning  'auto_fill_data' is not defined                     no-undef
  507:9    warning  'user_data' is not defined                          no-undef
  507:27   warning  'auto_fill_data' is not defined                     no-undef
  508:9    warning  'user_data' is not defined                          no-undef
  508:27   warning  'auto_fill_data' is not defined                     no-undef
  509:9    warning  'user_data' is not defined                          no-undef
  509:27   warning  'auto_fill_data' is not defined                     no-undef
  510:9    warning  'user_data' is not defined                          no-undef
  510:27   warning  'auto_fill_data' is not defined                     no-undef
  511:9    warning  'user_data' is not defined                          no-undef
  511:27   warning  'auto_fill_data' is not defined                     no-undef
  512:9    warning  'user_data' is not defined                          no-undef
  512:27   warning  'auto_fill_data' is not defined                     no-undef
  513:9    warning  'user_data' is not defined                          no-undef
  513:27   warning  'auto_fill_data' is not defined                     no-undef
  514:9    warning  'user_data' is not defined                          no-undef
  514:27   warning  'auto_fill_data' is not defined                     no-undef

/home/runner/work/exp-michelson-interferometer-iitb/exp-michelson-interferometer-iitb/experiment/simulation/js/activity3.js
    1:5    warning  'act3_n_rings' is defined but never used                   no-unused-vars
    3:5    warning  'act3_msr' is assigned a value but never used              no-unused-vars
    4:5    warning  'act3_table' is defined but never used                     no-unused-vars
    5:5    warning  'act3_num_of_readings' is assigned a value but never used  no-unused-vars
    9:5    warning  'act3_new_row' is assigned a value but never used          no-unused-vars
   10:5    warning  'act3_tab' is defined but never used                       no-unused-vars
   63:10   warning  'activity3' is defined but never used                      no-unused-vars
   64:5    warning  'pp' is not defined                                        no-undef
   65:5    warning  'pp' is not defined                                        no-undef
   66:5    warning  'pp' is not defined                                        no-undef
   67:5    warning  'pp' is not defined                                        no-undef
   68:5    warning  'num_of_readings' is not defined                           no-undef
   69:5    warning  'user_readings' is not defined                             no-undef
   79:5    warning  Unnecessary semicolon                                      no-extra-semi
   80:5    warning  'pp' is not defined                                        no-undef
   81:5    warning  'pp' is not defined                                        no-undef
   85:15   warning  Unnecessary escape character: \ .                          no-useless-escape
   85:22   warning  Unnecessary escape character: \ .                          no-useless-escape
   92:5    warning  'pp' is not defined                                        no-undef
   95:5    warning  'show_side_panel' is not defined                           no-undef
   96:5    warning  'pp' is not defined                                        no-undef
   97:5    warning  'pp' is not defined                                        no-undef
   98:5    warning  'pp' is not defined                                        no-undef
  109:23   warning  'Scene_Canvas' is not defined                              no-undef
  115:24   warning  'MathJax' is not defined                                   no-undef
  132:31   warning  'Chemistry' is not defined                                 no-undef
  132:55   warning  'dark' is not defined                                      no-undef
  132:65   warning  'Chemistry' is not defined                                 no-undef
  137:25   warning  'data' is not defined                                      no-undef
  138:16   warning  'data' is not defined                                      no-undef
  141:5    warning  'inter_rings' is not defined                               no-undef
  141:23   warning  'Chemistry' is not defined                                 no-undef
  141:51   warning  'selected_ring_color' is not defined                       no-undef
  141:76   warning  'Chemistry' is not defined                                 no-undef
  141:121  warning  'lscale' is not defined                                    no-undef
  141:164  warning  'lscale' is not defined                                    no-undef
  142:5    warning  'inter_rings' is not defined                               no-undef
  143:26   warning  'Chemistry' is not defined                                 no-undef
  143:50   warning  'mscope' is not defined                                    no-undef
  143:62   warning  'Chemistry' is not defined                                 no-undef
  143:107  warning  'lscale' is not defined                                    no-undef
  143:146  warning  'lscale' is not defined                                    no-undef
  144:22   warning  'Chemistry' is not defined                                 no-undef
  144:72   warning  'lscale' is not defined                                    no-undef
  144:116  warning  'lscale' is not defined                                    no-undef
  145:22   warning  'Chemistry' is not defined                                 no-undef
  145:66   warning  'lscale' is not defined                                    no-undef
  145:113  warning  'lscale' is not defined                                    no-undef
  146:21   warning  'inter_rings' is not defined                               no-undef
  150:5    warning  'all_left_readings' is not defined                         no-undef
  150:25   warning  'inter_rings' is not defined                               no-undef
  151:17   warning  'all_left_readings' is not defined                         no-undef
  152:5    warning  'all_right_readings' is not defined                        no-undef
  152:26   warning  'inter_rings' is not defined                               no-undef
  153:17   warning  'all_right_readings' is not defined                        no-undef
  156:5    warning  'inter_rings' is not defined                               no-undef
  158:9    warning  'inter_rings' is not defined                               no-undef
  159:9    warning  'act3_current_pressure_reading' is not defined             no-undef
  159:52   warning  'pressure_readings' is not defined                         no-undef
  159:70   warning  'inter_rings' is not defined                               no-undef
  160:9    warning  'act3_current_num_of_rings' is not defined                 no-undef
  160:37   warning  'inter_rings' is not defined                               no-undef
  161:9    warning  'act3_current_pres' is not defined                         no-undef
  161:40   warning  'pressure_readings' is not defined                         no-undef
  161:58   warning  'inter_rings' is not defined                               no-undef
  162:9    warning  'act3_current_pres_change' is not defined                  no-undef
  162:47   warning  'pressure_readings' is not defined                         no-undef
  162:65   warning  'inter_rings' is not defined                               no-undef
  163:9    warning  'act3_current_refrective_index' is not defined             no-undef
  163:52   warning  'pressure_readings' is not defined                         no-undef
  163:70   warning  'inter_rings' is not defined                               no-undef
  172:5    warning  'inter_rings' is not defined                               no-undef
  174:9    warning  'inter_rings' is not defined                               no-undef
  175:9    warning  'act3_current_pressure_reading' is not defined             no-undef
  175:52   warning  'pressure_readings' is not defined                         no-undef
  175:70   warning  'inter_rings' is not defined                               no-undef
  176:9    warning  'act3_current_num_of_rings' is not defined                 no-undef
  176:37   warning  'inter_rings' is not defined                               no-undef
  177:9    warning  'act3_current_pres' is not defined                         no-undef
  177:40   warning  'pressure_readings' is not defined                         no-undef
  177:58   warning  'inter_rings' is not defined                               no-undef
  178:9    warning  'act3_current_pres_change' is not defined                  no-undef
  178:47   warning  'pressure_readings' is not defined                         no-undef
  178:65   warning  'inter_rings' is not defined                               no-undef
  179:9    warning  'act3_current_refrective_index' is not defined             no-undef
  179:52   warning  'pressure_readings' is not defined                         no-undef
  179:70   warning  'inter_rings' is not defined                               no-undef
  203:5    warning  'lscale' is not defined                                    no-undef
  223:34   warning  'Chemistry' is not defined                                 no-undef
  223:58   warning  'pressure_setup' is not defined                            no-undef
  223:78   warning  'Chemistry' is not defined                                 no-undef
  227:32   warning  'act3_current_pressure_reading' is not defined             no-undef
  228:22   warning  'act3_current_num_of_rings' is not defined                 no-undef
  229:50   warning  'current_num_of_rings' is not defined                      no-undef
  230:50   warning  'current_micrometer_reading' is not defined                no-undef
  244:5    warning  'a3_tab_data' is not defined                               no-undef
  245:19   warning  'Verify_Rows_Cols_Custom_Fixed' is not defined             no-undef
  245:58   warning  'a3_tab_data' is not defined                               no-undef
  247:5    warning  'a3_tab_data' is not defined                               no-undef
  249:10   warning  'act3_load_reading_table' is defined but never used        no-unused-vars
  261:16   warning  'user_readings' is not defined                             no-undef
  262:5    warning  'tab' is not defined                                       no-undef
  262:15   warning  'Table' is not defined                                     no-undef
  263:5    warning  'table' is not defined                                     no-undef
  263:13   warning  'tab' is not defined                                       no-undef
  264:5    warning  'pp' is not defined                                        no-undef
  264:25   warning  'table' is not defined                                     no-undef
  265:5    warning  'tab' is not defined                                       no-undef
  267:10   warning  'act3_add_readings' is defined but never used              no-unused-vars
  271:14   warning  'act3_current_pres' is not defined                         no-undef
  272:14   warning  'act3_current_pres_change' is not defined                  no-undef
  273:14   warning  'act3_current_refrective_index' is not defined             no-undef
  274:25   warning  'a3_tab_data' is not defined                               no-undef
  275:13   warning  'a3_tab_data' is not defined                               no-undef
  280:9    warning  'num_of_readings' is not defined                           no-undef
  281:9    warning  'a3_tab_data' is not defined                               no-undef
  282:9    warning  'a3_tab_data' is not defined                               no-undef
  282:21   warning  'num_of_readings' is not defined                           no-undef
  282:43   warning  'num_of_readings' is not defined                           no-undef
  283:9    warning  'a3_tab_data' is not defined                               no-undef
  283:21   warning  'num_of_readings' is not defined                           no-undef
  284:9    warning  'a3_tab_data' is not defined                               no-undef
  284:21   warning  'num_of_readings' is not defined                           no-undef
  285:9    warning  'a3_tab_data' is not defined                               no-undef
  285:21   warning  'num_of_readings' is not defined                           no-undef
  286:9    warning  'a3_tab_data' is not defined                               no-undef
  286:21   warning  'num_of_readings' is not defined                           no-undef
  287:9    warning  'a3_tab_data' is not defined                               no-undef
  287:21   warning  'num_of_readings' is not defined                           no-undef
  298:23   warning  'Verify_Rows_Cols_Custom_Fixed' is not defined             no-undef
  298:62   warning  'a3_tab_data' is not defined                               no-undef
  298:76   warning  'num_of_readings' is not defined                           no-undef
  299:9    warning  'new_row' is not defined                                   no-undef
  300:9    warning  'num_of_readings' is not defined                           no-undef
  308:9    warning  'num_of_readings' is not defined                           no-undef
  309:9    warning  'pp' is not defined                                        no-undef
  315:10   warning  'act3_complete_reading_table' is defined but never used    no-unused-vars
  316:9    warning  'num_of_readings' is not defined                           no-undef
  318:13   warning  'user_readings' is not defined                             no-undef
  318:39   warning  'all_left_readings' is not defined                         no-undef
  319:13   warning  'user_readings' is not defined                             no-undef
  319:39   warning  'all_left_readings' is not defined                         no-undef
  320:13   warning  'user_readings' is not defined                             no-undef
  320:39   warning  'all_right_readings' is not defined                        no-undef
  321:13   warning  'user_readings' is not defined                             no-undef
  321:39   warning  'all_right_readings' is not defined                        no-undef
  322:13   warning  'user_readings' is not defined                             no-undef
  322:41   warning  'all_left_readings' is not defined                         no-undef
  322:71   warning  'all_left_readings' is not defined                         no-undef
  322:102  warning  'all_left_readings' is not defined                         no-undef
  322:132  warning  'all_left_readings' is not defined                         no-undef
  326:10   warning  'act3_delete_readings' is defined but never used           no-unused-vars
  327:9    warning  'num_of_readings' is not defined                           no-undef
  328:13   warning  'new_row' is not defined                                   no-undef
  328:24   warning  'num_of_readings' is not defined                           no-undef
  329:13   warning  'user_readings' is not defined                             no-undef
  329:27   warning  'num_of_readings' is not defined                           no-undef
  330:13   warning  'user_readings' is not defined                             no-undef
  330:27   warning  'num_of_readings' is not defined                           no-undef
  331:13   warning  'tab' is not defined                                       no-undef
  335:18   warning  'new_row' is not defined                                   no-undef
  335:29   warning  'num_of_readings' is not defined                           no-undef
  336:13   warning  'num_of_readings' is not defined                           no-undef
  337:13   warning  'new_row' is not defined                                   no-undef
  338:13   warning  'user_readings' is not defined                             no-undef
  338:27   warning  'num_of_readings' is not defined                           no-undef
  339:13   warning  'user_readings' is not defined                             no-undef
  339:27   warning  'num_of_readings' is not defined                           no-undef
  340:13   warning  'user_readings' is not defined                             no-undef
  340:27   warning  'num_of_readings' is not defined                           no-undef
  341:13   warning  'tab' is not defined                                       no-undef
  345:19   warning  'new_row' is not defined                                   no-undef
  345:30   warning  'num_of_readings' is not defined                           no-undef
  346:13   warning  'user_readings' is not defined                             no-undef
  346:27   warning  'num_of_readings' is not defined                           no-undef
  347:13   warning  'user_readings' is not defined                             no-undef
  347:27   warning  'num_of_readings' is not defined                           no-undef
  348:13   warning  'user_readings' is not defined                             no-undef
  348:27   warning  'num_of_readings' is not defined                           no-undef
  349:13   warning  'new_row' is not defined                                   no-undef
  350:13   warning  'tab' is not defined                                       no-undef
  354:19   warning  'new_row' is not defined                                   no-undef
  354:30   warning  'num_of_readings' is not defined                           no-undef
  355:13   warning  'user_readings' is not defined                             no-undef
  355:27   warning  'num_of_readings' is not defined                           no-undef
  356:13   warning  'user_readings' is not defined                             no-undef
  356:27   warning  'num_of_readings' is not defined                           no-undef
  357:13   warning  'new_row' is not defined                                   no-undef
  358:13   warning  'tab' is not defined                                       no-undef
  368:27   warning  'bootstrap' is not defined                                 no-undef
  375:10   warning  'experiment_complete' is defined but never used            no-unused-vars

/home/runner/work/exp-michelson-interferometer-iitb/exp-michelson-interferometer-iitb/experiment/simulation/js/activity4.js
    1:10   warning  'activity4' is defined but never used                  no-unused-vars
    2:5    warning  'pp' is not defined                                    no-undef
    3:5    warning  'pp' is not defined                                    no-undef
    4:5    warning  'pp' is not defined                                    no-undef
    5:5    warning  'pp' is not defined                                    no-undef
    6:5    warning  'pp' is not defined                                    no-undef
    7:22   warning  'selected_r' is not defined                            no-undef
   11:9    warning  'right_panel_text' is assigned a value but never used  no-unused-vars
   28:10   warning  'verify_bright' is defined but never used              no-unused-vars
   30:10   warning  'verify_values' is not defined                         no-undef
   30:48   warning  'user_data' is not defined                             no-undef
   38:32   warning  'user_data' is not defined                             no-undef
   39:32   warning  'user_data' is not defined                             no-undef
   40:32   warning  'user_data' is not defined                             no-undef
   41:32   warning  'user_data' is not defined                             no-undef
   42:33   warning  'user_data' is not defined                             no-undef
   45:5    warning  'pp' is not defined                                    no-undef
   62:5    warning  'pp' is not defined                                    no-undef
   63:27   warning  'bootstrap' is not defined                             no-undef
   66:9    warning  'table_2' is assigned a value but never used           no-unused-vars
   66:23   warning  'Table2' is not defined                                no-undef
   66:105  warning  'selected_color_lambda' is not defined                 no-undef
   66:138  warning  'selected_r' is not defined                            no-undef
   70:5    warning  'pp' is not defined                                    no-undef
   71:9    warning  'bsOffcanvas' is already defined                       no-redeclare
   71:27   warning  'bootstrap' is not defined                             no-undef
   74:5    warning  'pp' is not defined                                    no-undef
   82:13   warning  'user_readings' is not defined                         no-undef
   83:13   warning  'user_readings' is not defined                         no-undef
   85:13   warning  'user_readings' is not defined                         no-undef
   86:13   warning  'user_readings' is not defined                         no-undef
   92:25   warning  'Table3' is not defined                                no-undef
   93:5    warning  'pp' is not defined                                    no-undef
   97:5    warning  'pp' is not defined                                    no-undef
   99:10   warning  'complete_multi_row_table' is defined but never used   no-unused-vars
  117:13   warning  'user_readings' is not defined                         no-undef
  118:13   warning  'user_readings' is not defined                         no-undef
  119:24   warning  'user_readings' is not defined                         no-undef
  119:65   warning  'user_readings' is not defined                         no-undef
  120:13   warning  'user_readings' is not defined                         no-undef
  121:13   warning  'user_readings' is not defined                         no-undef
  122:24   warning  'user_readings' is not defined                         no-undef
  122:65   warning  'user_readings' is not defined                         no-undef
  123:24   warning  'user_readings' is not defined                         no-undef
  123:65   warning  'user_readings' is not defined                         no-undef
  123:107  warning  'user_readings' is not defined                         no-undef
  123:148  warning  'user_readings' is not defined                         no-undef
  128:10   warning  'verify_values' is not defined                         no-undef
  133:10   warning  'verify_values' is not defined                         no-undef
  137:10   warning  'verify_values' is not defined                         no-undef
  141:10   warning  'verify_values' is not defined                         no-undef
  145:10   warning  'verify_values' is not defined                         no-undef
  149:10   warning  'verify_values' is not defined                         no-undef
  153:10   warning  'verify_values' is not defined                         no-undef
  157:10   warning  'verify_values' is not defined                         no-undef
  161:10   warning  'verify_values' is not defined                         no-undef
  165:10   warning  'verify_values' is not defined                         no-undef
  169:10   warning  'verify_values' is not defined                         no-undef
  173:10   warning  'verify_values' is not defined                         no-undef
  179:5    warning  'verified_data' is not defined                         no-undef
  180:5    warning  'pp' is not defined                                    no-undef
  181:25   warning  'Table3' is not defined                                no-undef
  182:5    warning  'pp' is not defined                                    no-undef
  186:5    warning  'pp' is not defined                                    no-undef

/home/runner/work/exp-michelson-interferometer-iitb/exp-michelson-interferometer-iitb/experiment/simulation/js/activity5.js
    8:10  warning  'activity5' is defined but never used      no-unused-vars
    9:5   warning  'pp' is not defined                        no-undef
   10:5   warning  'pp' is not defined                        no-undef
   11:5   warning  'pp' is not defined                        no-undef
   12:5   warning  'pp' is not defined                        no-undef
   17:5   warning  'pp' is not defined                        no-undef
   18:5   warning  'pp' is not defined                        no-undef
   19:5   warning  'pp' is not defined                        no-undef
   20:5   warning  'pp' is not defined                        no-undef
   25:25  warning  'user_data' is not defined                 no-undef
   26:20  warning  'user_data' is not defined                 no-undef
   27:35  warning  'user_data' is not defined                 no-undef
   28:36  warning  'data' is not defined                      no-undef
   43:21  warning  'Chart' is not defined                     no-undef
  105:11  warning  'regression_linear' is not defined         no-undef
  114:5   warning  'pp' is not defined                        no-undef
  118:40  warning  'selected_r' is not defined                no-undef
  124:5   warning  'pp' is not defined                        no-undef
  125:5   warning  'MathJax' is not defined                   no-undef
  127:10  warning  'verify_lambda' is defined but never used  no-unused-vars
  129:31  warning  'selected_r' is not defined                no-undef
  131:10  warning  'verify_values' is not defined             no-undef
  134:5   warning  'pp' is not defined                        no-undef
  135:26  warning  'selected_color_lambda' is not defined     no-undef
  141:5   warning  'pp' is not defined                        no-undef
  144:36  warning  'selected_ring_color' is not defined       no-undef

/home/runner/work/exp-michelson-interferometer-iitb/exp-michelson-interferometer-iitb/experiment/simulation/js/common.js
   1:10  warning  'verify_values' is defined but never used                no-unused-vars
  21:10  warning  'std_deviation' is defined but never used                no-unused-vars
  26:10  warning  'regression_linear' is defined but never used            no-unused-vars
  43:10  warning  'ascending_random_array' is defined but never used       no-unused-vars
  45:12  warning  Unexpected constant condition                            no-constant-condition
  62:10  warning  'regression_linear_2variable' is defined but never used  no-unused-vars

/home/runner/work/exp-michelson-interferometer-iitb/exp-michelson-interferometer-iitb/experiment/simulation/js/data.js
     1:5   warning  'colors' is assigned a value but never used                         no-unused-vars
    10:5   warning  'radius' is assigned a value but never used                         no-unused-vars
    13:5   warning  'selected_n' is assigned a value but never used                     no-unused-vars
    30:33  warning  'std_deviation' is not defined                                      no-undef
    38:33  warning  'std_deviation' is not defined                                      no-undef
    44:5   warning  'user_readings' is assigned a value but never used                  no-unused-vars
   110:5   warning  'user_data' is assigned a value but never used                      no-unused-vars
   662:5   warning  'selected_ring_color' is assigned a value but never used            no-unused-vars
   663:5   warning  'auto_fill_data' is assigned a value but never used                 no-unused-vars
  1215:5   warning  'inferometer_readings' is assigned a value but never used           no-unused-vars
  1367:5   warning  'table_index' is assigned a value but never used                    no-unused-vars
  1368:5   warning  'current_micrometer_reading' is assigned a value but never used     no-unused-vars
  1369:5   warning  'current_num_of_rings' is assigned a value but never used           no-unused-vars
  1370:5   warning  'current_lambda' is assigned a value but never used                 no-unused-vars
  1371:5   warning  'tab_data' is assigned a value but never used                       no-unused-vars
  1372:5   warning  'all_left_readings' is assigned a value but never used              no-unused-vars
  1373:5   warning  'all_right_readings' is assigned a value but never used             no-unused-vars
  1374:5   warning  'verified_data' is assigned a value but never used                  no-unused-vars
  1375:5   warning  'act3_current_pressure_reading' is assigned a value but never used  no-unused-vars
  1376:5   warning  'act3_current_num_of_rings' is assigned a value but never used      no-unused-vars
  1377:5   warning  'act3_current_pres' is assigned a value but never used              no-unused-vars
  1378:5   warning  'act3_current_pres_change' is assigned a value but never used       no-unused-vars
  1379:5   warning  'act3_current_refrective_index' is assigned a value but never used  no-unused-vars
  1380:5   warning  'a3_tab_data' is assigned a value but never used                    no-unused-vars
  1381:5   warning  'pressure_readings' is assigned a value but never used              no-unused-vars

/home/runner/work/exp-michelson-interferometer-iitb/exp-michelson-interferometer-iitb/experiment/simulation/js/dummy.js
  2:14  warning  'Pannel' is not defined  no-undef

/home/runner/work/exp-michelson-interferometer-iitb/exp-michelson-interferometer-iitb/experiment/simulation/js/geomerty.js
   33:49   warning  'lscale' is not defined          no-undef
   34:49   warning  'lscale' is not defined          no-undef
   46:23   warning  'pt1' is defined but never used  no-unused-vars
   46:28   warning  'pt2' is defined but never used  no-unused-vars
   46:33   warning  'pt3' is defined but never used  no-unused-vars
   50:24   warning  'geo' is defined but never used  no-unused-vars
   69:44   warning  'lscale' is not defined          no-undef
   69:66   warning  'lscale' is not defined          no-undef
   69:88   warning  'lscale' is not defined          no-undef
   82:48   warning  'lscale' is not defined          no-undef
   83:48   warning  'lscale' is not defined          no-undef
  108:47   warning  'lscale' is not defined          no-undef
  108:69   warning  'lscale' is not defined          no-undef
  109:60   warning  'lscale' is not defined          no-undef
  109:95   warning  'lscale' is not defined          no-undef
  131:39   warning  'lscale' is not defined          no-undef
  131:57   warning  'lscale' is not defined          no-undef
  132:39   warning  'lscale' is not defined          no-undef
  132:57   warning  'lscale' is not defined          no-undef
  181:39   warning  'lscale' is not defined          no-undef
  181:57   warning  'lscale' is not defined          no-undef
  182:39   warning  'lscale' is not defined          no-undef
  182:57   warning  'lscale' is not defined          no-undef
  225:33   warning  'lscale' is not defined          no-undef
  226:33   warning  'lscale' is not defined          no-undef
  274:50   warning  'lscale' is not defined          no-undef
  274:72   warning  'lscale' is not defined          no-undef
  279:61   warning  'lscale' is not defined          no-undef
  279:84   warning  'lscale' is not defined          no-undef
  279:102  warning  'lscale' is not defined          no-undef
  279:120  warning  'lscale' is not defined          no-undef
  293:33   warning  'lscale' is not defined          no-undef
  294:33   warning  'lscale' is not defined          no-undef
  295:41   warning  'lscale' is not defined          no-undef
  295:64   warning  'lscale' is not defined          no-undef
  295:98   warning  'lscale' is not defined          no-undef
  295:121  warning  'lscale' is not defined          no-undef
  296:45   warning  'lscale' is not defined          no-undef
  296:68   warning  'lscale' is not defined          no-undef
  296:102  warning  'lscale' is not defined          no-undef
  296:125  warning  'lscale' is not defined          no-undef
  323:61   warning  'lscale' is not defined          no-undef
  323:90   warning  'lscale' is not defined          no-undef
  324:61   warning  'lscale' is not defined          no-undef
  324:96   warning  'lscale' is not defined          no-undef
  325:66   warning  'lscale' is not defined          no-undef
  325:101  warning  'lscale' is not defined          no-undef
  326:66   warning  'lscale' is not defined          no-undef
  326:100  warning  'lscale' is not defined          no-undef
  327:67   warning  'lscale' is not defined          no-undef
  327:101  warning  'lscale' is not defined          no-undef
  328:67   warning  'lscale' is not defined          no-undef
  328:96   warning  'lscale' is not defined          no-undef
  329:61   warning  'lscale' is not defined          no-undef
  329:90   warning  'lscale' is not defined          no-undef
  346:33   warning  'lscale' is not defined          no-undef
  347:33   warning  'lscale' is not defined          no-undef
  376:46   warning  'lscale' is not defined          no-undef
  382:50   warning  'lscale' is not defined          no-undef
  382:72   warning  'lscale' is not defined          no-undef
  411:52   warning  'lscale' is not defined          no-undef
  411:79   warning  'lscale' is not defined          no-undef
  413:56   warning  'lscale' is not defined          no-undef
  413:83   warning  'lscale' is not defined          no-undef
  450:50   warning  'lscale' is not defined          no-undef
  450:72   warning  'lscale' is not defined          no-undef
  456:61   warning  'lscale' is not defined          no-undef
  456:84   warning  'lscale' is not defined          no-undef
  456:102  warning  'lscale' is not defined          no-undef
  456:120  warning  'lscale' is not defined          no-undef
  470:33   warning  'lscale' is not defined          no-undef
  471:33   warning  'lscale' is not defined          no-undef
  472:41   warning  'lscale' is not defined          no-undef
  472:64   warning  'lscale' is not defined          no-undef
  472:98   warning  'lscale' is not defined          no-undef
  472:121  warning  'lscale' is not defined          no-undef
  473:45   warning  'lscale' is not defined          no-undef
  473:68   warning  'lscale' is not defined          no-undef
  473:102  warning  'lscale' is not defined          no-undef
  473:125  warning  'lscale' is not defined          no-undef
  502:50   warning  'lscale' is not defined          no-undef
  502:72   warning  'lscale' is not defined          no-undef
  507:139  warning  'lscale' is not defined          no-undef
  507:172  warning  'lscale' is not defined          no-undef
  507:205  warning  'lscale' is not defined          no-undef
  507:225  warning  'lscale' is not defined          no-undef
  528:50   warning  'lscale' is not defined          no-undef
  528:72   warning  'lscale' is not defined          no-undef
  533:139  warning  'lscale' is not defined          no-undef
  533:172  warning  'lscale' is not defined          no-undef
  533:205  warning  'lscale' is not defined          no-undef
  533:225  warning  'lscale' is not defined          no-undef
  555:50   warning  'lscale' is not defined          no-undef
  555:72   warning  'lscale' is not defined          no-undef
  560:133  warning  'lscale' is not defined          no-undef
  560:172  warning  'lscale' is not defined          no-undef
  560:205  warning  'lscale' is not defined          no-undef
  560:224  warning  'lscale' is not defined          no-undef
  584:39   warning  'lscale' is not defined          no-undef
  584:53   warning  'lscale' is not defined          no-undef
  585:39   warning  'lscale' is not defined          no-undef
  585:53   warning  'lscale' is not defined          no-undef
  586:39   warning  'lscale' is not defined          no-undef
  586:53   warning  'lscale' is not defined          no-undef
  587:39   warning  'lscale' is not defined          no-undef
  587:53   warning  'lscale' is not defined          no-undef
  594:36   warning  'lscale' is not defined          no-undef
  594:50   warning  'lscale' is not defined          no-undef
  594:63   warning  'lscale' is not defined          no-undef
  605:36   warning  'lscale' is not defined          no-undef
  605:50   warning  'lscale' is not defined          no-undef
  605:63   warning  'lscale' is not defined          no-undef
  632:46   warning  'lscale' is not defined          no-undef
  637:50   warning  'lscale' is not defined          no-undef
  637:72   warning  'lscale' is not defined          no-undef
  659:50   warning  'lscale' is not defined          no-undef
  659:72   warning  'lscale' is not defined          no-undef
  663:46   warning  'lscale' is not defined          no-undef
  664:46   warning  'lscale' is not defined          no-undef
  664:67   warning  'lscale' is not defined          no-undef
  665:49   warning  'lscale' is not defined          no-undef
  702:50   warning  'lscale' is not defined          no-undef
  702:72   warning  'lscale' is not defined          no-undef
  718:38   warning  'lscale' is not defined          no-undef
  718:51   warning  'lscale' is not defined          no-undef
  720:38   warning  'lscale' is not defined          no-undef
  722:38   warning  'lscale' is not defined          no-undef
  722:52   warning  'lscale' is not defined          no-undef
  758:96   warning  'n_rings' is not defined         no-undef
  764:97   warning  'n_rings' is not defined         no-undef
  773:48   warning  'lscale' is not defined          no-undef
  773:70   warning  'lscale' is not defined          no-undef
  773:108  warning  'lscale' is not defined          no-undef
  852:96   warning  'inter_rings' is not defined     no-undef
  858:97   warning  'inter_rings' is not defined     no-undef
  867:48   warning  'lscale' is not defined          no-undef
  867:70   warning  'lscale' is not defined          no-undef
  867:108  warning  'lscale' is not defined          no-undef
  870:76   warning  'lscale' is not defined          no-undef
  871:21   warning  'context' is not defined         no-undef
  937:13   warning  'context' is not defined         no-undef
  940:13   warning  'context' is not defined         no-undef
  941:13   warning  'context' is not defined         no-undef
  941:38   warning  'lscale' is not defined          no-undef
  941:56   warning  'lscale' is not defined          no-undef
  942:13   warning  'context' is not defined         no-undef
  942:38   warning  'lscale' is not defined          no-undef
  942:56   warning  'lscale' is not defined          no-undef
  943:13   warning  'context' is not defined         no-undef
  944:13   warning  'context' is not defined         no-undef
  945:13   warning  'context' is not defined         no-undef

/home/runner/work/exp-michelson-interferometer-iitb/exp-michelson-interferometer-iitb/experiment/simulation/js/old_exp_script.js
  10:5  warning  'context' is not defined  no-undef
  11:5  warning  'context' is not defined  no-undef
  12:5  warning  'context' is not defined  no-undef
  13:5  warning  'context' is not defined  no-undef
  14:5  warning  'context' is not defined  no-undef
  15:5  warning  'context' is not defined  no-undef
  16:5  warning  'context' is not defined  no-undef

/home/runner/work/exp-michelson-interferometer-iitb/exp-michelson-interferometer-iitb/experiment/simulation/js/pannel.js
   11:7  warning  'Pannel' is defined but never used  no-unused-vars
  112:7  warning  'Table3' is defined but never used  no-unused-vars
  188:7  warning  'Table2' is defined but never used  no-unused-vars

/home/runner/work/exp-michelson-interferometer-iitb/exp-michelson-interferometer-iitb/experiment/simulation/js/scene.js
  11:9    warning  'context' is not defined                  no-undef
  11:33   warning  'canvas' is not defined                   no-undef
  11:47   warning  'canvas' is not defined                   no-undef
  26:7    warning  'Scene_Canvas' is defined but never used  no-unused-vars
  63:5    warning  'context' is not defined                  no-undef
  64:9    warning  'grd' is assigned a value but never used  no-unused-vars
  64:15   warning  'context' is not defined                  no-undef
  64:44   warning  'canvas' is not defined                   no-undef
  64:62   warning  'canvas' is not defined                   no-undef
  64:84   warning  'canvas' is not defined                   no-undef
  64:102  warning  'canvas' is not defined                   no-undef
  64:121  warning  'canvas' is not defined                   no-undef
  72:5    warning  'context' is not defined                  no-undef
  73:5    warning  'context' is not defined                  no-undef
  73:28   warning  'canvas' is not defined                   no-undef
  73:42   warning  'canvas' is not defined                   no-undef
  74:5    warning  'context' is not defined                  no-undef
  75:5    warning  'context' is not defined                  no-undef
  80:9    warning  'grd' is assigned a value but never used  no-unused-vars

/home/runner/work/exp-michelson-interferometer-iitb/exp-michelson-interferometer-iitb/experiment/simulation/js/tables.js
   19:22  warning  'verify_values' is not defined                                     no-undef
  137:22  warning  'verify_values' is not defined                                     no-undef
  260:7   warning  'Verify_Rows_Cols_6_decimal_places' is defined but never used      no-unused-vars
  311:22  warning  'verify_values' is not defined                                     no-undef
  416:7   warning  'Verify_Rows_Cols_Custom_Fixed_Update1' is defined but never used  no-unused-vars
  468:7   warning  'Show_Table_Custom_Fixed' is defined but never used                no-unused-vars
  506:7   warning  'Verify_Rows_Cols_Strings' is defined but never used               no-unused-vars
  527:22  warning  'verify_values' is not defined                                     no-undef
  663:7   warning  'Display_Table' is defined but never used                          no-unused-vars

✖ 743 problems (0 errors, 743 warnings)
  0 errors and 1 warning potentially fixable with the `--fix` option.

